// Jest Snapshot v1, https://goo.gl/fbAQLP

exports[`Experiences Component should render properly 1`] = `
<DocumentFragment>
  <article
    class="section experiences"
  >
    <h1>
      Experiences
    </h1>
    <div>
      <h2>
        foo 
      </h2>
      <p>
        ...
      </p>
    </div>
    <div>
      <h2>
        bar 
        <span>
          May 2000 - July 2001
        </span>
      </h2>
      <p>
        foo
      </p>
      <p>
        bar
      </p>
      <p>
        foobar
      </p>
    </div>
  </article>
</DocumentFragment>
`;
