// Jest Snapshot v1, https://goo.gl/fbAQLP

exports[`Extras Component should render properly 1`] = `
<article
  className="section extras"
>
  <h1>
    Extras
  </h1>
  <p>
    I co-held a workshop about TDD in Javascript @ Università di Cesena.
  </p>
  <p>
    I’m a Volunteer and occasional collaborator of the Front-End Conference -
     
    <a
      data-beacon={true}
      href="https://fromthefront.it"
    >
      From The Front
    </a>
    .
  </p>
  <p>
    I have a Cisco CCNA cetificate (Cisco Certified Network Associate).
  </p>
  <p>
    I have a training certificate as Fire Marshal.
  </p>
</article>
`;
