// Jest Snapshot v1, https://goo.gl/fbAQLP

exports[`Index Page should render properly 1`] = `
<DocumentFragment>
  <div
    class="home"
  >
    <section
      class="life"
    >
      <span
        class="life__heart"
      />
      <span
        class="life__heart"
      />
      <span
        class="life__heart"
      />
    </section>
    <figure
      class="ghost"
      style="left: -155px; top: -155px;"
    />
    <header>
      <ul
        class="links"
      >
        <li
          class="links--blog"
        >
          <a
            href="https://sirlisko.com/blog"
          >
            <p
              class="caption"
            >
              blog
            </p>
          </a>
        </li>
        <li
          class="links--twitter"
        >
          <a
            href="https://twitter.com/sirLisko"
          >
            <p
              class="caption"
            >
              twitter
            </p>
          </a>
        </li>
        <li
          class="links--facebook"
        >
          <a
            href="https://www.facebook.com/sirLisko"
          >
            <p
              class="caption"
            >
              facebook
            </p>
          </a>
        </li>
        <li
          class="links--tumblr"
        >
          <a
            href="https://sirLisko.tumblr.com"
          >
            <p
              class="caption"
            >
              tumblr
            </p>
          </a>
        </li>
        <li
          class="links--github"
        >
          <a
            href="https://github.com/sirLisko"
          >
            <p
              class="caption"
            >
              github
            </p>
          </a>
        </li>
        <li
          class="links--instagram"
        >
          <a
            href="https://instagram.com/sirlisko"
          >
            <p
              class="caption"
            >
              instagram
            </p>
          </a>
        </li>
        <li
          class="links--lastfm"
        >
          <a
            href="https://www.last.fm/user/sirlisko"
          >
            <p
              class="caption"
            >
              lastfm
            </p>
          </a>
        </li>
        <li
          class="links--mail"
        >
          <a
            href="mailto:luca@sirlisko.com"
          >
            <p
              class="caption"
            >
              mail me!
            </p>
          </a>
        </li>
      </ul>
    </header>
    <article>
      <section
        class="greeting"
      >
        <img
          alt="sirlisko face"
          class="greeting__face"
          src="./images/sirlisko.svg"
        />
        <div
          class="greeting__intro"
        >
          <p>
            Ciao!
          </p>
          <p>
            I’m sirLisko,
          </p>
          <p>
            another f@$#&n’
          </p>
          <p
            class="greeting__intro__desc"
          >
            <span
              class="greeting__intro--active"
            >
              web developer
            </span>
            <span
              class=""
            >
              super hero
            </span>
            <span
              class=""
            >
              dreamer
            </span>
            <span
              class=""
            >
              giagguaro
            </span>
            <span
              class=""
            >
              bored guy
            </span>
            <span
              class=""
            >
              8-bit lover
            </span>
            <span
              class=""
            >
              sleeper
            </span>
            <span
              class=""
            >
              bug creator
            </span>
            <span
              class=""
            >
              yak shaver
            </span>
            <span
              class=""
            >
              rubber duck
            </span>
            <span
              class=""
            >
              zombie coder
            </span>
            <span
              class=""
            >
              pizza eater
            </span>
            <span
              class=""
            >
              londoner
            </span>
          </p>
        </div>
      </section>
    </article>
    <footer>
      <a
        class="my__projects"
        href="/projects"
      >
        Projects
      </a>
      <a
        class="my__resume"
        href="/resume"
      >
        Resume
      </a>
    </footer>
  </div>
</DocumentFragment>
`;
