// Jest Snapshot v1, https://goo.gl/fbAQLP

exports[`Projects Page should render properly 1`] = `
<DocumentFragment>
  <div
    class="projects-page"
  >
    <div
      class="logo"
    >
      <a
        href="/"
      >
        <img
          alt="sirlisko face"
          src="/images/sirlisko.svg"
        />
      </a>
    </div>
    <section>
      <h1>
        My Side Projects
      </h1>
      <ul>
        <li
          class="project"
        >
          <div
            class="project__main"
          >
            <h3>
              Foo
            </h3>
            <p>
              line 1
            </p>
            <p>
              line 2
            </p>
          </div>
          <img
            alt="Foo logo"
            src="https://sirlisko.com/logo"
          />
          <div
            class="project__details"
          >
            <p
              class="project__details__links"
            >
              <a
                href="https://foo"
              >
                website
              </a>
              <a
                href="https://github.com/sirlisko/foo"
              >
                github
              </a>
            </p>
            <ul
              class="project__details__tech"
            >
              <li>
                foo
              </li>
              <li>
                Foo
              </li>
            </ul>
          </div>
        </li>
        <li
          class="project"
        >
          <div
            class="project__main"
          >
            <h3>
              Bar
            </h3>
            <p>
              line a
            </p>
            <p>
              line b
            </p>
          </div>
          <img
            alt="Bar logo"
            src="https://sirlisko.com/logo"
          />
          <div
            class="project__details"
          >
            <p
              class="project__details__links"
            >
              <a
                href="https://bar"
              >
                website
              </a>
              <a
                href="https://github.com/sirlisko/bar"
              >
                github
              </a>
            </p>
            <ul
              class="project__details__tech"
            >
              <li>
                bar
              </li>
              <li>
                Bar
              </li>
            </ul>
          </div>
        </li>
      </ul>
    </section>
  </div>
</DocumentFragment>
`;
